
Circuit 1 cell sg13_lv_nmos and Circuit 2 cell sg13_lv_nmos are black boxes.
Warning: Equate pins:  cell sg13_lv_nmos is a placeholder, treated as a black box.
Warning: Equate pins:  cell sg13_lv_nmos is a placeholder, treated as a black box.

Subcircuit pins:
Circuit 1: sg13_lv_nmos                    |Circuit 2: sg13_lv_nmos                    
-------------------------------------------|-------------------------------------------
1                                          |1                                          
2                                          |2                                          
3                                          |3                                          
4                                          |4                                          
---------------------------------------------------------------------------------------
Cell pin lists are equivalent.
Device classes sg13_lv_nmos and sg13_lv_nmos are equivalent.

Circuit 1 cell sg13_lv_pmos and Circuit 2 cell sg13_lv_pmos are black boxes.
Warning: Equate pins:  cell sg13_lv_pmos is a placeholder, treated as a black box.
Warning: Equate pins:  cell sg13_lv_pmos is a placeholder, treated as a black box.

Subcircuit pins:
Circuit 1: sg13_lv_pmos                    |Circuit 2: sg13_lv_pmos                    
-------------------------------------------|-------------------------------------------
1                                          |1                                          
2                                          |2                                          
3                                          |3                                          
4                                          |4                                          
---------------------------------------------------------------------------------------
Cell pin lists are equivalent.
Device classes sg13_lv_pmos and sg13_lv_pmos are equivalent.

Circuit 1 cell rhigh and Circuit 2 cell rhigh are black boxes.
Warning: Equate pins:  cell rhigh is a placeholder, treated as a black box.
Warning: Equate pins:  cell rhigh is a placeholder, treated as a black box.

Subcircuit pins:
Circuit 1: rhigh                           |Circuit 2: rhigh                           
-------------------------------------------|-------------------------------------------
1                                          |1                                          
2                                          |2                                          
3                                          |3                                          
---------------------------------------------------------------------------------------
Cell pin lists are equivalent.
Device classes rhigh and rhigh are equivalent.
Flattening unmatched subcell inverter in circuit amplifier (1)(1 instance)

Class amplifier (0):  Merged 40 parallel devices.
Subcircuit summary:
Circuit 1: amplifier                       |Circuit 2: amplifier                       
-------------------------------------------|-------------------------------------------
sg13_lv_pmos (22->2)                       |sg13_lv_pmos (2)                           
sg13_lv_nmos (22->2)                       |sg13_lv_nmos (2)                           
rhigh (1)                                  |rhigh (1)                                  
Number of devices: 5                       |Number of devices: 5                       
Number of nets: 4                          |Number of nets: 4                          
---------------------------------------------------------------------------------------
Netlists match uniquely with property errors.
rhigh:13 vs. rhigh:R1:
Property mm_ok in circuit2 has no matching property in circuit1
rhigh:13 vs. rhigh:R1:
Property mm_ok in circuit2 has no matching property in circuit1
sg13_lv_nmos:5 vs. inverter:1/sg13_lv_nmos:Mdummy1:
Property mm_ok in circuit2 has no matching property in circuit1
sg13_lv_nmos:3 vs. inverter:1/sg13_lv_nmos:M1:
Property mm_ok in circuit2 has no matching property in circuit1
sg13_lv_pmos:22 vs. inverter:1/sg13_lv_pmos:Mdummy2:
Property mm_ok in circuit2 has no matching property in circuit1
sg13_lv_pmos:0 vs. inverter:1/sg13_lv_pmos:M2:
Property mm_ok in circuit2 has no matching property in circuit1

Subcircuit pins:
Circuit 1: amplifier                       |Circuit 2: amplifier                       
-------------------------------------------|-------------------------------------------
VSS                                        |VSS                                        
VDD                                        |VDD                                        
vin                                        |vin                                        
vout                                       |vout                                       
---------------------------------------------------------------------------------------
Cell pin lists are equivalent.
Device classes amplifier and amplifier are equivalent.

Final result: Circuits match uniquely.
Property errors were found.

The following cells had property errors:
 amplifier
